../FATFS/Target/user_diskio_spi.c:96:8:SPI_Timer_On	16	static
../FATFS/Target/user_diskio_spi.c:101:11:SPI_Timer_Status	8	static
../FATFS/Target/user_diskio_spi.c:111:8:xchg_spi	32	static
../FATFS/Target/user_diskio_spi.c:123:8:rcvr_spi_multi	32	static
../FATFS/Target/user_diskio_spi.c:137:8:xmit_spi_multi	24	static
../FATFS/Target/user_diskio_spi.c:154:7:wait_ready	32	static
../FATFS/Target/user_diskio_spi.c:181:8:despiselect	8	static
../FATFS/Target/user_diskio_spi.c:195:7:spiselect	8	static
../FATFS/Target/user_diskio_spi.c:212:7:rcvr_datablock	24	static
../FATFS/Target/user_diskio_spi.c:241:7:xmit_datablock	24	static
../FATFS/Target/user_diskio_spi.c:269:8:send_cmd	24	static
../FATFS/Target/user_diskio_spi.c:328:18:USER_SPI_initialize	32	static
../FATFS/Target/user_diskio_spi.c:384:18:USER_SPI_status	16	static
../FATFS/Target/user_diskio_spi.c:399:18:USER_SPI_read	24	static
../FATFS/Target/user_diskio_spi.c:438:18:USER_SPI_write	24	static
../FATFS/Target/user_diskio_spi.c:479:18:USER_SPI_ioctl	56	static
